{
  "apis": [
    {
      "id": "Google.Test.V1",
      "version": "1.0.0",
      "type": "grpc",
      "productName": "Test Product",
      "productUrl": "https://google.com",
      "description": "Test package.",
      "tags": [],
      "dependencies": {
        "Google.LongRunning": "3.3.0"
      },
      "generator": "micro",
      "protoPath": "google/test/v1",
      "includeCommonResourcesProto": false,
      "shortName": "test",
      "serviceConfigFile": "test_v1.yaml",
      "transport": "grpc",
      "restNumericEnums": true
    },
    {
      "id": "Google.Test.V2",
      "version": "1.0.0-beta01",
      "type": "grpc",
      "productName": "Test Product 2",
      "productUrl": "https://google.com",
      "description": "Test package 2.",
      "tags": [],
      "dependencies": {
        "Google.LongRunning": "3.3.0"
      },
      "generator": "micro",
      "protoPath": "google/test/v2",
      "includeCommonResourcesProto": false,
      "shortName": "test",
      "serviceConfigFile": "test_v2.yaml",
      "transport": "rest+grpc",
      "restNumericEnums": true
    },
    {
      "id": "Google.Test.V3",
      "version": "1.0.0-beta00",
      "type": "grpc",
      "productName": "Test",
      "description": "<UNKNOWN - NO SERVICE CONFIG DOCUMENTATION SUMMARY>",
      "tags": [],
      "dependencies": {},
      "generator": "micro",
      "protoPath": "google/test/v3",
      "includeCommonResourcesProto": false,
      "shortName": "test",
      "serviceConfigFile": "service.yaml",
      "restNumericEnums": true
    }
  ],
  "packageGroups": []
}